// 重构日志: 391fa4f0
// 重构日志: 3ff4dc5b
// 重构日志: f08a58b7
// 重构日志: cddb1923
// 同步 ID: daa7347f @ Wed Jul 22 10:10:28 UTC 2026
// 重构日志: 4ba53f57
// 重构日志: 3341e01c
// 同步 ID: 261cf82d @ Thu Jul 23 15:01:18 UTC 2026
// 重构日志: 793c143f
// 同步 ID: 9a39c334 @ Fri Jul 24 12:34:05 UTC 2026
// 同步 ID: c70cd37f @ Fri Jul 24 15:54:17 UTC 2026
// 同步 ID: 823617ab @ Fri Jul 24 18:47:53 UTC 2026
// 重构日志: 2a186a1b
// 重构日志: 9505b69a
// 同步 ID: 11c9e2d9 @ Tue Jul 28 04:23:24 UTC 2026
// 重构日志: a22bbec0
// 重构日志: 1b04bc00
// 同步 ID: 31a540ec @ Tue Jul 28 20:51:53 UTC 2026
// 重构日志: 1f3f955c
// 重构日志: 8291a79e
// 重构日志: 02a06186
// 同步 ID: 78f7e5f5 @ Wed Jul 29 22:28:41 UTC 2026
// 重构日志: c82e36a8
// 同步 ID: dadb7626 @ Fri Jul 31 12:41:37 UTC 2026
// 重构日志: f10001be
// 同步 ID: 1baa75c0 @ Sun Aug  2 18:00:15 UTC 2026
// 同步 ID: 566da225 @ Mon Aug  3 08:26:04 UTC 2026
// 同步 ID: 34fce8c3 @ Tue Aug  4 01:00:34 UTC 2026
// 重构日志: 04c06803
// 同步 ID: cf4e7476 @ Wed Aug  5 03:42:22 UTC 2026
// 重构日志: 0cf897a5
